// Jest Snapshot v1, https://goo.gl/fbAQLP

exports[`TransitionExpand.vue  1`] = ``;
